
> frontend@0.1.0 build
> next build

node.exe : ΓÜá Warning: Next.js inferred your workspace root, but it may not be correct.
At line:1 char:1
+ & "C:\Program Files\nodejs/node.exe" "C:\Program Files\nodejs/node_mo ...
+ ~~~~~~~~~~~~~~~~~~~~~~~~~~~~~~~~~~~~~~~~~~~~~~~~~~~~~~~~~~~~~~~~~~~~~
    + CategoryInfo          : NotSpecified: (ΓÜá Warning: Ne...not be correct.:String) [], RemoteException
    + FullyQualifiedErrorId : NativeCommandError
 
 We detected multiple lockfiles and selected the directory of C:\Users\shres\package-lock.json as the root directory.
 To silence this warning, set `turbopack.root` in your Next.js config, or consider removing one of the lockfiles if 
it's not needed.
   See https://nextjs.org/docs/app/api-reference/config/next-config-js/turbopack#root-directory for more information.
 Detected additional lockfiles: 
   * C:\Users\shres\OneDrive\Desktop\code-collab\frontend\package-lock.json

Γû▓ Next.js 16.2.4 (Turbopack)
- Environments: .env.local

  Running TypeScript ...
  Finished TypeScript in 3.4s ...
  Creating an optimized production build ...

> Build error occurred
Error: Turbopack build failed with 1 errors:
./OneDrive/Desktop/code-collab/frontend/styles/globals.css
Error evaluating Node.js code
Error: It looks like you're trying to use `tailwindcss` directly as a PostCSS plugin. The PostCSS plugin has moved to 
a separate package, so to continue using Tailwind CSS with PostCSS you'll need to install `@tailwindcss/postcss` and 
update your PostCSS configuration.
    [at ft (C:\Users\shres\OneDrive\Desktop\code-collab\frontend\node_modules\tailwindcss\dist\lib.js:38:1643)]
    at pluginFactory (turbopack:///[turbopack-node]/transforms/postcss.ts:56:14) 
[C:\Users\shres\OneDrive\Desktop\code-collab\frontend\.next\build\chunks\[root-of-the-server]__0d533x0._.js:165:20]
    [at <anonymous>]
    at map (turbopack:///[turbopack-node]/transforms/postcss.ts:43:33) 
[C:\Users\shres\OneDrive\Desktop\code-collab\frontend\.next\build\chunks\[root-of-the-server]__0d533x0._.js:155:35]
    at init (turbopack:///[turbopack-node]/child_process/evaluate.ts:74:20) 
[C:\Users\shres\OneDrive\Desktop\code-collab\frontend\.next\build\chunks\[root-of-the-server]__00gs3f.._.js:429:26]
    [at process.processTicksAndRejections (node:internal/process/task_queues:103:5)]

Import trace:
  Browser:
    ./OneDrive/Desktop/code-collab/frontend/styles/globals.css
    ./OneDrive/Desktop/code-collab/frontend/pages/_app.tsx


    at pluginFactory (turbopack:///[turbopack-node]/transforms/postcss.ts:56:14) 
[C:\Users\shres\OneDrive\Desktop\code-collab\frontend\.next\build\chunks\[root-of-the-server]__0d533x0._.js:165:20])
    at map (turbopack:///[turbopack-node]/transforms/postcss.ts:43:33) 
[C:\Users\shres\OneDrive\Desktop\code-collab\frontend\.next\build\chunks\[root-of-the-server]__0d533x0._.js:155:35])
    at init (turbopack:///[turbopack-node]/child_process/evaluate.ts:74:20) 
[C:\Users\shres\OneDrive\Desktop\code-collab\frontend\.next\build\chunks\[root-of-the-server]__00gs3f.._.js:429:26])
